2026-08-21 05:23:41.221: [INFO] CurrentProfilePath: C:\Users\keerthika.indla\Wrkone\SeleniumBDDFramework\.metadata\.plugins\org.eclipse.swt\EBWebView\Default
2026-08-21 05:23:41.221: [INFO] Profiles total count: 1
2026-08-21 05:23:41.221: [INFO] Profile: name=Profile 1 path=C:\Users\keerthika.indla\Wrkone\SeleniumBDDFramework\.metadata\.plugins\org.eclipse.swt\EBWebView\Default lastActive=null
2026-08-21 05:23:41.221: [INFO] LastUsedProfileDir: C:\Users\keerthika.indla\Wrkone\SeleniumBDDFramework\.metadata\.plugins\org.eclipse.swt\EBWebView\Default
2026-08-21 05:23:41.221: [INFO] OnDoneLoading sync enabled: 0
2026-08-21 05:23:41.221: [INFO] BookmarkModelLoaded, ids_reassigned: 0
2026-08-21 05:23:41.221: [INFO] BookmarksLoadDropped droppedNodes=0
2026-08-21 05:23:41.221: [INFO] BookmarksSnapshot Startup total=0 bar=0 other=0 mobile=0 showBar=0 showBarNTP=1
2026-08-21 05:23:50.243: [INFO] BookmarksSnapshot Shutdown total=0 bar=0 other=0 mobile=0 showBar=0 showBarNTP=1
2026-08-21 05:23:53.709: [INFO] CurrentProfilePath: C:\Users\keerthika.indla\Wrkone\SeleniumBDDFramework\.metadata\.plugins\org.eclipse.swt\EBWebView\Default
2026-08-21 05:23:53.709: [INFO] Profiles total count: 1
2026-08-21 05:23:53.710: [INFO] Profile: name=Profile 1 path=C:\Users\keerthika.indla\Wrkone\SeleniumBDDFramework\.metadata\.plugins\org.eclipse.swt\EBWebView\Default lastActive=2026-08-21T05:23:42.102Z
2026-08-21 05:23:53.710: [INFO] LastUsedProfileDir: C:\Users\keerthika.indla\Wrkone\SeleniumBDDFramework\.metadata\.plugins\org.eclipse.swt\EBWebView\Default
2026-08-21 05:23:53.710: [INFO] MostRecentlyActiveProfile: name=Profile 1 path=C:\Users\keerthika.indla\Wrkone\SeleniumBDDFramework\.metadata\.plugins\org.eclipse.swt\EBWebView\Default lastActive=2026-08-21T05:23:42.102Z
2026-08-21 05:23:53.710: [INFO] OnDoneLoading sync enabled: 0
2026-08-21 05:23:53.710: [INFO] BookmarkModelLoaded, ids_reassigned: 0
2026-08-21 05:23:53.710: [INFO] BookmarksLoadDropped droppedNodes=0
2026-08-21 05:23:53.710: [INFO] BookmarksSnapshot Startup total=0 bar=0 other=0 mobile=0 showBar=0 showBarNTP=1
2026-08-21 05:25:09.304: [INFO] BookmarksSnapshot Shutdown total=0 bar=0 other=0 mobile=0 showBar=0 showBarNTP=1
2026-08-21 05:25:48.892: [INFO] CurrentProfilePath: C:\Users\keerthika.indla\Wrkone\SeleniumBDDFramework\.metadata\.plugins\org.eclipse.swt\EBWebView\Default
2026-08-21 05:25:48.892: [INFO] Profiles total count: 1
2026-08-21 05:25:48.893: [INFO] Profile: name=Profile 1 path=C:\Users\keerthika.indla\Wrkone\SeleniumBDDFramework\.metadata\.plugins\org.eclipse.swt\EBWebView\Default lastActive=2026-08-21T05:25:07.260Z
2026-08-21 05:25:48.893: [INFO] LastUsedProfileDir: C:\Users\keerthika.indla\Wrkone\SeleniumBDDFramework\.metadata\.plugins\org.eclipse.swt\EBWebView\Default
2026-08-21 05:25:48.893: [INFO] MostRecentlyActiveProfile: name=Profile 1 path=C:\Users\keerthika.indla\Wrkone\SeleniumBDDFramework\.metadata\.plugins\org.eclipse.swt\EBWebView\Default lastActive=2026-08-21T05:25:07.260Z
2026-08-21 05:25:48.893: [INFO] OnDoneLoading sync enabled: 0
2026-08-21 05:25:48.893: [INFO] BookmarkModelLoaded, ids_reassigned: 0
2026-08-21 05:25:48.893: [INFO] BookmarksLoadDropped droppedNodes=0
2026-08-21 05:25:48.893: [INFO] BookmarksSnapshot Startup total=0 bar=0 other=0 mobile=0 showBar=0 showBarNTP=1
2026-08-21 05:26:22.753: [INFO] BookmarksSnapshot Shutdown total=0 bar=0 other=0 mobile=0 showBar=0 showBarNTP=1
2026-08-21 05:39:37.519: [INFO] CurrentProfilePath: C:\Users\keerthika.indla\Wrkone\SeleniumBDDFramework\.metadata\.plugins\org.eclipse.swt\EBWebView\Default
2026-08-21 05:39:37.519: [INFO] Profiles total count: 1
2026-08-21 05:39:37.520: [INFO] Profile: name=Profile 1 path=C:\Users\keerthika.indla\Wrkone\SeleniumBDDFramework\.metadata\.plugins\org.eclipse.swt\EBWebView\Default lastActive=2026-08-21T05:25:07.260Z
2026-08-21 05:39:37.520: [INFO] LastUsedProfileDir: C:\Users\keerthika.indla\Wrkone\SeleniumBDDFramework\.metadata\.plugins\org.eclipse.swt\EBWebView\Default
2026-08-21 05:39:37.520: [INFO] MostRecentlyActiveProfile: name=Profile 1 path=C:\Users\keerthika.indla\Wrkone\SeleniumBDDFramework\.metadata\.plugins\org.eclipse.swt\EBWebView\Default lastActive=2026-08-21T05:25:07.260Z
2026-08-21 05:39:37.520: [INFO] OnDoneLoading sync enabled: 0
2026-08-21 05:39:37.520: [INFO] BookmarkModelLoaded, ids_reassigned: 0
2026-08-21 05:39:37.520: [INFO] BookmarksLoadDropped droppedNodes=0
2026-08-21 05:39:37.520: [INFO] BookmarksSnapshot Startup total=0 bar=0 other=0 mobile=0 showBar=0 showBarNTP=1
2026-08-21 05:44:46.474: [INFO] BookmarksSnapshot Shutdown total=0 bar=0 other=0 mobile=0 showBar=0 showBarNTP=1
2026-08-21 06:03:10.066: [INFO] CurrentProfilePath: C:\Users\keerthika.indla\Wrkone\SeleniumBDDFramework\.metadata\.plugins\org.eclipse.swt\EBWebView\Default
2026-08-21 06:03:10.066: [INFO] Profiles total count: 1
2026-08-21 06:03:10.067: [INFO] Profile: name=Profile 1 path=C:\Users\keerthika.indla\Wrkone\SeleniumBDDFramework\.metadata\.plugins\org.eclipse.swt\EBWebView\Default lastActive=2026-08-21T05:44:45.922Z
2026-08-21 06:03:10.067: [INFO] LastUsedProfileDir: C:\Users\keerthika.indla\Wrkone\SeleniumBDDFramework\.metadata\.plugins\org.eclipse.swt\EBWebView\Default
2026-08-21 06:03:10.067: [INFO] MostRecentlyActiveProfile: name=Profile 1 path=C:\Users\keerthika.indla\Wrkone\SeleniumBDDFramework\.metadata\.plugins\org.eclipse.swt\EBWebView\Default lastActive=2026-08-21T05:44:45.922Z
2026-08-21 06:03:10.067: [INFO] OnDoneLoading sync enabled: 0
2026-08-21 06:03:10.067: [INFO] BookmarkModelLoaded, ids_reassigned: 0
2026-08-21 06:03:10.067: [INFO] BookmarksLoadDropped droppedNodes=0
2026-08-21 06:03:10.067: [INFO] BookmarksSnapshot Startup total=0 bar=0 other=0 mobile=0 showBar=0 showBarNTP=1
2026-08-21 06:03:55.013: [INFO] BookmarksSnapshot Shutdown total=0 bar=0 other=0 mobile=0 showBar=0 showBarNTP=1
2026-08-21 06:49:08.856: [INFO] CurrentProfilePath: C:\Users\keerthika.indla\Wrkone\SeleniumBDDFramework\.metadata\.plugins\org.eclipse.swt\EBWebView\Default
2026-08-21 06:49:08.856: [INFO] Profiles total count: 1
2026-08-21 06:49:08.858: [INFO] Profile: name=Profile 1 path=C:\Users\keerthika.indla\Wrkone\SeleniumBDDFramework\.metadata\.plugins\org.eclipse.swt\EBWebView\Default lastActive=2026-08-21T05:44:45.922Z
2026-08-21 06:49:08.858: [INFO] LastUsedProfileDir: C:\Users\keerthika.indla\Wrkone\SeleniumBDDFramework\.metadata\.plugins\org.eclipse.swt\EBWebView\Default
2026-08-21 06:49:08.858: [INFO] MostRecentlyActiveProfile: name=Profile 1 path=C:\Users\keerthika.indla\Wrkone\SeleniumBDDFramework\.metadata\.plugins\org.eclipse.swt\EBWebView\Default lastActive=2026-08-21T05:44:45.922Z
2026-08-21 06:49:08.858: [INFO] OnDoneLoading sync enabled: 0
2026-08-21 06:49:08.858: [INFO] BookmarkModelLoaded, ids_reassigned: 0
2026-08-21 06:49:08.858: [INFO] BookmarksLoadDropped droppedNodes=0
2026-08-21 06:49:08.858: [INFO] BookmarksSnapshot Startup total=0 bar=0 other=0 mobile=0 showBar=0 showBarNTP=1
2026-08-21 06:49:12.241: [INFO] BookmarksSnapshot Shutdown total=0 bar=0 other=0 mobile=0 showBar=0 showBarNTP=1
2026-08-21 06:51:34.402: [INFO] CurrentProfilePath: C:\Users\keerthika.indla\Wrkone\SeleniumBDDFramework\.metadata\.plugins\org.eclipse.swt\EBWebView\Default
2026-08-21 06:51:34.402: [INFO] Profiles total count: 1
2026-08-21 06:51:34.403: [INFO] Profile: name=Profile 1 path=C:\Users\keerthika.indla\Wrkone\SeleniumBDDFramework\.metadata\.plugins\org.eclipse.swt\EBWebView\Default lastActive=2026-08-21T05:44:45.922Z
2026-08-21 06:51:34.403: [INFO] LastUsedProfileDir: C:\Users\keerthika.indla\Wrkone\SeleniumBDDFramework\.metadata\.plugins\org.eclipse.swt\EBWebView\Default
2026-08-21 06:51:34.403: [INFO] MostRecentlyActiveProfile: name=Profile 1 path=C:\Users\keerthika.indla\Wrkone\SeleniumBDDFramework\.metadata\.plugins\org.eclipse.swt\EBWebView\Default lastActive=2026-08-21T05:44:45.922Z
2026-08-21 06:51:34.403: [INFO] OnDoneLoading sync enabled: 0
2026-08-21 06:51:34.403: [INFO] BookmarkModelLoaded, ids_reassigned: 0
2026-08-21 06:51:34.403: [INFO] BookmarksLoadDropped droppedNodes=0
2026-08-21 06:51:34.403: [INFO] BookmarksSnapshot Startup total=0 bar=0 other=0 mobile=0 showBar=0 showBarNTP=1
2026-08-21 06:51:42.752: [INFO] BookmarksSnapshot Shutdown total=0 bar=0 other=0 mobile=0 showBar=0 showBarNTP=1
